// Vitest Snapshot v1, https://vitest.dev/guide/snapshot.html

exports[`Preview component > should render preview component 1`] = `"<resource-list-item-stub resource="[object Object]" pathprefix="Spaces/New space" ispathdisplayed="true" parentfolderlink="[object Object]" parentfoldername="New space" parentfolderlinkiconadditionalattributes="[object Object]" isextensiondisplayed="true" isthumbnaildisplayed="true" isicondisplayed="true" isresourceclickable="true"></resource-list-item-stub>"`;
