// Vitest Snapshot v1, https://vitest.dev/guide/snapshot.html

exports[`SpacesList > should render all spaces in a table 1`] = `
"<div id="space-list" headerposition="0">
  <div class="space-filters oc-flex oc-flex-right oc-flex-wrap oc-flex-bottom oc-mx-m oc-mb-m">
    <div class=""><label class="oc-label" for="spaces-filter">Search</label>
      <div class="oc-position-relative">
        <!--v-if--> <input id="spaces-filter" autocomplete="off" aria-invalid="false" class="oc-text-input oc-input oc-rounded" type="text" value="">
        <!--v-if-->
      </div>
      <!--v-if-->
      <!--v-if-->
    </div>
  </div>
  <table class="oc-table oc-table-hover oc-table-sticky has-item-context-menu spaces-table">
    <thead class="oc-thead">
      <tr tabindex="-1" class="oc-table-header-row">
        <th class="oc-table-cell oc-table-cell-align-left oc-table-cell-align-middle oc-table-cell-width-shrink oc-text-nowrap oc-th oc-table-header-cell oc-table-header-cell-select oc-pl-s" style="top: 0px;">
          <div><span class="oc-table-thead-content"><oc-checkbox-stub id="oc-checkbox-1" disabled="false" modelvalue="false" label="Select all spaces" labelhidden="false" hidelabel="true" size="large" outline="false" class="oc-ml-s"></oc-checkbox-stub></span></div>
        </th>
        <th class="oc-table-cell oc-table-cell-align-left oc-table-cell-align-middle oc-table-cell-width-shrink oc-text-nowrap oc-th oc-table-header-cell oc-table-header-cell-icon" style="top: 0px;">
          <div><span class="oc-table-thead-content header-text"></span></div>
        </th>
        <th class="oc-table-cell oc-table-cell-align-left oc-table-cell-align-middle oc-table-cell-width-auto oc-text-nowrap oc-th oc-table-header-cell oc-table-header-cell-name" style="top: 0px;" aria-sort="ascending"><button type="button" aria-label="Sort by name" class="oc-button oc-rounded oc-button-m oc-button-justify-content-center oc-button-gap-m oc-button-passive oc-button-passive-raw oc-button-sort oc-width-1-1">
            <!--v-if-->
            <!-- @slot Content of the button --> <span class="oc-table-thead-content header-text">Name</span> <span class="oc-icon oc-icon-s oc-icon-passive"><!----></span>
          </button></th>
        <th class="oc-table-cell oc-table-cell-align-left oc-table-cell-align-middle oc-table-cell-width-auto oc-text-nowrap oc-th oc-table-header-cell oc-table-header-cell-status" style="top: 0px;" aria-sort="none"><button type="button" aria-label="Sort by status" class="oc-button oc-rounded oc-button-m oc-button-justify-content-center oc-button-gap-m oc-button-passive oc-button-passive-raw oc-button-sort oc-width-1-1">
            <!--v-if-->
            <!-- @slot Content of the button --> <span class="oc-table-thead-content header-text">Status</span> <span class="oc-icon oc-icon-s oc-icon-passive oc-invisible-sr"><!----></span>
          </button></th>
        <th class="oc-table-cell oc-table-cell-align-left oc-table-cell-align-middle oc-table-cell-width-auto oc-text-nowrap oc-th oc-table-header-cell oc-table-header-cell-manager" style="top: 0px;">
          <div><span class="oc-table-thead-content header-text">Manager</span></div>
        </th>
        <th class="oc-table-cell oc-table-cell-align-left oc-table-cell-align-middle oc-table-cell-width-auto oc-text-nowrap oc-th oc-table-header-cell oc-table-header-cell-members" style="top: 0px;" aria-sort="none"><button type="button" aria-label="Sort by members" class="oc-button oc-rounded oc-button-m oc-button-justify-content-center oc-button-gap-m oc-button-passive oc-button-passive-raw oc-button-sort oc-width-1-1">
            <!--v-if-->
            <!-- @slot Content of the button --> <span class="oc-table-thead-content header-text">Members</span> <span class="oc-icon oc-icon-s oc-icon-passive oc-invisible-sr"><!----></span>
          </button></th>
        <th class="oc-table-cell oc-table-cell-align-left oc-table-cell-align-middle oc-table-cell-width-auto oc-text-nowrap oc-th oc-table-header-cell oc-table-header-cell-totalQuota" style="top: 0px;" aria-sort="none"><button type="button" aria-label="Sort by totalQuota" class="oc-button oc-rounded oc-button-m oc-button-justify-content-center oc-button-gap-m oc-button-passive oc-button-passive-raw oc-button-sort oc-width-1-1">
            <!--v-if-->
            <!-- @slot Content of the button --> <span class="oc-table-thead-content header-text">Total quota</span> <span class="oc-icon oc-icon-s oc-icon-passive oc-invisible-sr"><!----></span>
          </button></th>
        <th class="oc-table-cell oc-table-cell-align-left oc-table-cell-align-middle oc-table-cell-width-auto oc-text-nowrap oc-th oc-table-header-cell oc-table-header-cell-usedQuota" style="top: 0px;" aria-sort="none"><button type="button" aria-label="Sort by usedQuota" class="oc-button oc-rounded oc-button-m oc-button-justify-content-center oc-button-gap-m oc-button-passive oc-button-passive-raw oc-button-sort oc-width-1-1">
            <!--v-if-->
            <!-- @slot Content of the button --> <span class="oc-table-thead-content header-text">Used quota</span> <span class="oc-icon oc-icon-s oc-icon-passive oc-invisible-sr"><!----></span>
          </button></th>
        <th class="oc-table-cell oc-table-cell-align-left oc-table-cell-align-middle oc-table-cell-width-auto oc-text-nowrap oc-th oc-table-header-cell oc-table-header-cell-remainingQuota" style="top: 0px;" aria-sort="none"><button type="button" aria-label="Sort by remainingQuota" class="oc-button oc-rounded oc-button-m oc-button-justify-content-center oc-button-gap-m oc-button-passive oc-button-passive-raw oc-button-sort oc-width-1-1">
            <!--v-if-->
            <!-- @slot Content of the button --> <span class="oc-table-thead-content header-text">Remaining quota</span> <span class="oc-icon oc-icon-s oc-icon-passive oc-invisible-sr"><!----></span>
          </button></th>
        <th class="oc-table-cell oc-table-cell-align-left oc-table-cell-align-middle oc-table-cell-width-auto oc-text-nowrap oc-th oc-table-header-cell oc-table-header-cell-mdate" style="top: 0px;" aria-sort="none"><button type="button" aria-label="Sort by mdate" class="oc-button oc-rounded oc-button-m oc-button-justify-content-center oc-button-gap-m oc-button-passive oc-button-passive-raw oc-button-sort oc-width-1-1">
            <!--v-if-->
            <!-- @slot Content of the button --> <span class="oc-table-thead-content header-text">Modified</span> <span class="oc-icon oc-icon-s oc-icon-passive oc-invisible-sr"><!----></span>
          </button></th>
        <th class="oc-table-cell oc-table-cell-align-right oc-table-cell-align-middle oc-table-cell-width-auto oc-text-nowrap oc-th oc-table-header-cell oc-table-header-cell-actions oc-pr-s" style="top: 0px;">
          <div><span class="oc-table-thead-content header-text">Actions</span></div>
        </th>
      </tr>
    </thead>
    <tbody class="has-item-context-menu">
      <tr tabindex="-1" class="oc-tbody-tr oc-tbody-tr-1" data-item-id="1" draggable="false">
        <td class="oc-table-cell oc-table-cell-align-left oc-table-cell-align-middle oc-table-cell-width-shrink oc-td oc-table-data-cell oc-table-data-cell-select oc-pl-s">
          <oc-checkbox-stub id="oc-checkbox-2" disabled="false" modelvalue="false" option="undefined" label="Select 1 Some space" labelhidden="false" hidelabel="true" size="large" outline="false" class="oc-ml-s"></oc-checkbox-stub>
        </td>
        <td class="oc-table-cell oc-table-cell-align-left oc-table-cell-align-middle oc-table-cell-width-shrink oc-td oc-table-data-cell oc-table-data-cell-icon"><span class="oc-icon oc-icon-m oc-icon-passive"><!----></span></td>
        <td class="oc-table-cell oc-table-cell-align-left oc-table-cell-align-middle oc-table-cell-width-auto oc-td oc-table-data-cell oc-table-data-cell-name mark-element"><span class="spaces-table-space-name" data-test-space-name="1 Some space">1 Some space</span></td>
        <td class="oc-table-cell oc-table-cell-align-left oc-table-cell-align-middle oc-table-cell-width-auto oc-td oc-table-data-cell oc-table-data-cell-status"><span class="oc-flex oc-flex-middle"><span class="oc-icon oc-icon-s oc-icon-passive"><!----></span></span></td>
        <td class="oc-table-cell oc-table-cell-align-left oc-table-cell-align-middle oc-table-cell-width-auto oc-td oc-table-data-cell oc-table-data-cell-manager">user1, user2... +1</td>
        <td class="oc-table-cell oc-table-cell-align-left oc-table-cell-align-middle oc-table-cell-width-auto oc-td oc-table-data-cell oc-table-data-cell-members">3</td>
        <td class="oc-table-cell oc-table-cell-align-left oc-table-cell-align-middle oc-table-cell-width-auto oc-td oc-table-data-cell oc-table-data-cell-totalQuota">1 GB</td>
        <td class="oc-table-cell oc-table-cell-align-left oc-table-cell-align-middle oc-table-cell-width-auto oc-td oc-table-data-cell oc-table-data-cell-usedQuota">0 B</td>
        <td class="oc-table-cell oc-table-cell-align-left oc-table-cell-align-middle oc-table-cell-width-auto oc-td oc-table-data-cell oc-table-data-cell-remainingQuota">1 GB</td>
        <td class="oc-table-cell oc-table-cell-align-left oc-table-cell-align-middle oc-table-cell-width-auto oc-td oc-table-data-cell oc-table-data-cell-mdate"><span tabindex="0"></span></td>
        <td class="oc-table-cell oc-table-cell-align-right oc-table-cell-align-middle oc-table-cell-width-auto oc-td oc-table-data-cell oc-table-data-cell-actions oc-pr-s">
          <div class="spaces-list-actions"><button type="button" aria-label="Show details" class="oc-button oc-rounded oc-button-m oc-button-justify-content-center oc-button-gap-m oc-button-passive oc-button-passive-raw oc-mr-xs quick-action-button spaces-table-btn-details oc-p-xs">
              <!--v-if-->
              <!-- @slot Content of the button --> <span class="oc-icon oc-icon-m oc-icon-passive"><!----></span>
            </button> <button type="button" aria-label="Show context menu" class="oc-button oc-rounded oc-button-m oc-button-justify-content-center oc-button-gap-m oc-button-passive oc-button-passive-raw spaces-table-btn-action-dropdown" id="context-menu-trigger-1">
              <!--v-if-->
              <!-- @slot Content of the button --> <span class="oc-icon oc-icon-m oc-icon-passive"><!----></span>
              <div id="context-menu-drop-1" class="oc-drop oc-box-shadow-medium oc-rounded oc-overflow-hidden">
                <div class="oc-card oc-card-body oc-background-secondary oc-p-s"></div>
              </div>
            </button></div>
        </td>
      </tr>
      <tr tabindex="-1" class="oc-tbody-tr oc-tbody-tr-2" data-item-id="2" draggable="false">
        <td class="oc-table-cell oc-table-cell-align-left oc-table-cell-align-middle oc-table-cell-width-shrink oc-td oc-table-data-cell oc-table-data-cell-select oc-pl-s">
          <oc-checkbox-stub id="oc-checkbox-3" disabled="false" modelvalue="false" option="undefined" label="Select 2 Another space" labelhidden="false" hidelabel="true" size="large" outline="false" class="oc-ml-s"></oc-checkbox-stub>
        </td>
        <td class="oc-table-cell oc-table-cell-align-left oc-table-cell-align-middle oc-table-cell-width-shrink oc-td oc-table-data-cell oc-table-data-cell-icon"><span class="oc-icon oc-icon-m oc-icon-passive"><!----></span></td>
        <td class="oc-table-cell oc-table-cell-align-left oc-table-cell-align-middle oc-table-cell-width-auto oc-td oc-table-data-cell oc-table-data-cell-name mark-element"><span class="spaces-table-space-name" data-test-space-name="2 Another space">2 Another space</span></td>
        <td class="oc-table-cell oc-table-cell-align-left oc-table-cell-align-middle oc-table-cell-width-auto oc-td oc-table-data-cell oc-table-data-cell-status"><span class="oc-flex oc-flex-middle"><span class="oc-icon oc-icon-s oc-icon-passive"><!----></span></span></td>
        <td class="oc-table-cell oc-table-cell-align-left oc-table-cell-align-middle oc-table-cell-width-auto oc-td oc-table-data-cell oc-table-data-cell-manager">user1, user2... +1</td>
        <td class="oc-table-cell oc-table-cell-align-left oc-table-cell-align-middle oc-table-cell-width-auto oc-td oc-table-data-cell oc-table-data-cell-members">5</td>
        <td class="oc-table-cell oc-table-cell-align-left oc-table-cell-align-middle oc-table-cell-width-auto oc-td oc-table-data-cell oc-table-data-cell-totalQuota">2 GB</td>
        <td class="oc-table-cell oc-table-cell-align-left oc-table-cell-align-middle oc-table-cell-width-auto oc-td oc-table-data-cell oc-table-data-cell-usedQuota">500 MB</td>
        <td class="oc-table-cell oc-table-cell-align-left oc-table-cell-align-middle oc-table-cell-width-auto oc-td oc-table-data-cell oc-table-data-cell-remainingQuota">1.5 GB</td>
        <td class="oc-table-cell oc-table-cell-align-left oc-table-cell-align-middle oc-table-cell-width-auto oc-td oc-table-data-cell oc-table-data-cell-mdate"><span tabindex="0"></span></td>
        <td class="oc-table-cell oc-table-cell-align-right oc-table-cell-align-middle oc-table-cell-width-auto oc-td oc-table-data-cell oc-table-data-cell-actions oc-pr-s">
          <div class="spaces-list-actions"><button type="button" aria-label="Show details" class="oc-button oc-rounded oc-button-m oc-button-justify-content-center oc-button-gap-m oc-button-passive oc-button-passive-raw oc-mr-xs quick-action-button spaces-table-btn-details oc-p-xs">
              <!--v-if-->
              <!-- @slot Content of the button --> <span class="oc-icon oc-icon-m oc-icon-passive"><!----></span>
            </button> <button type="button" aria-label="Show context menu" class="oc-button oc-rounded oc-button-m oc-button-justify-content-center oc-button-gap-m oc-button-passive oc-button-passive-raw spaces-table-btn-action-dropdown" id="context-menu-trigger-2">
              <!--v-if-->
              <!-- @slot Content of the button --> <span class="oc-icon oc-icon-m oc-icon-passive"><!----></span>
              <div id="context-menu-drop-2" class="oc-drop oc-box-shadow-medium oc-rounded oc-overflow-hidden">
                <div class="oc-card oc-card-body oc-background-secondary oc-p-s"></div>
              </div>
            </button></div>
        </td>
      </tr>
    </tbody>
    <tfoot class="oc-table-footer">
      <tr class="oc-table-footer-row">
        <td colspan="11" class="oc-table-footer-cell">
          <!-- @slot Footer of the table -->
          <!--v-if-->
          <div class="oc-text-center oc-width-1-1 oc-my-s">
            <p class="oc-text-muted">2 spaces in total</p>
            <!--v-if-->
          </div>
        </td>
      </tr>
    </tfoot>
  </table>
</div>"
`;
