// Vitest Snapshot v1, https://vitest.dev/guide/snapshot.html

exports[`SpaceQuota component > renders the space storage quota label 1`] = `
"<div class="space-quota">
  <p class="oc-m-rm">1 B of 10 B used</p>
  <p class="oc-m-rm oc-text-muted oc-text-xsmall">10% used, 9 B remaining</p>
  <oc-progress-stub max="100" size="small" variation="primary" indeterminate="false" value="10"></oc-progress-stub>
</div>"
`;
