// Vitest Snapshot v1, https://vitest.dev/guide/snapshot.html

exports[`OcSidebarNav > renders navItems into a list 1`] = `
"<div id="web-nav-sidebar" class="oc-app-navigation-expanded"><button type="button" aria-label="Toggle sidebar" class="oc-button oc-rounded oc-button-m oc-button-justify-content-center oc-button-gap-m oc-button-passive oc-button-passive-raw toggle-sidebar-button-expanded oc-pr-s toggle-sidebar-button oc-pb-s oc-pt-m" aria-expanded="true">
    <!--v-if-->
    <!-- @slot Content of the button --> <span class="oc-icon oc-icon-l oc-icon-passive"><!----></span>
  </button>
  <nav class="oc-sidebar-nav oc-mb-m oc-mt-s oc-px-xs" aria-label="Sidebar navigation menu">
    <div id="nav-highlighter" class="oc-ml-s oc-background-primary-gradient" aria-hidden="true"></div>
    <ul class="oc-list oc-my-rm oc-mx-rm">
      <sidebar-nav-item-stub index="00000000000000000000000000000000" icon="folder" name="Personal" active="true" target="[object Object]" filltype="fill" collapsed="false"></sidebar-nav-item-stub>
      <sidebar-nav-item-stub index="00000000000000000000000000000000" icon="share-forward" name="Shares" active="false" target="[object Object]" filltype="fill" collapsed="false"></sidebar-nav-item-stub>
      <sidebar-nav-item-stub index="00000000000000000000000000000000" icon="delete" name="Deleted files" active="false" target="[object Object]" filltype="fill" collapsed="false"></sidebar-nav-item-stub>
    </ul>
  </nav> <!-- @slot bottom content of the sidebar --> <span class="footer">Footer</span>
</div>"
`;
